main.c:113:6:kirmalimydelay	16	static
main.c:122:6:mydelay	16	static
main.c:129:6:isimsiz1_hatalibasim_yazdirma	8	static
main.c:138:6:isimsiz2_hatalibasim_yazdirma	8	static
main.c:147:6:isimli1_hatalibasim_yazdirma	8	static
main.c:157:6:isimli2_hatalibasim_yazdirma	8	static
main.c:167:6:isimli_sureleri_yazdir	8	static
main.c:181:6:isimli_kazanan_1_yazdirma_gonderme	8	static
main.c:201:6:isimli_kazanan_2_yazdirma_gonderme	8	static
main.c:219:6:isimsiz_sureleri_yazdir	8	static
main.c:229:6:isimsiz_kazanan_1_yazdirma	8	static
main.c:238:6:isimsiz_kazanan_2_yazdirma	8	static
main.c:254:5:main	16	static
main.c:367:6:SystemClock_Config	104	static
main.c:418:13:MX_I2C1_Init	8	static
main.c:450:13:MX_I2S3_Init	8	static
main.c:482:13:MX_SPI1_Init	8	static
main.c:518:13:MX_TIM2_Init	32	static
main.c:560:13:MX_TIM9_Init	24	static
main.c:595:13:MX_USART3_UART_Init	8	static
main.c:626:13:MX_GPIO_Init	56	static
main.c:744:6:HAL_UART_RxCpltCallback	16	static
main.c:756:6:HAL_TIM_PeriodElapsedCallback	16	static
main.c:761:6:HAL_GPIO_EXTI_Callback	24	static
main.c:846:6:Error_Handler	4	static,ignoring_inline_asm
